Archive member included to satisfy reference by file (symbol)

/Applications/STM32CubeIDE.app/Contents/Eclipse/plugins/com.st.stm32cube.ide.mcu.externaltools.gnu-tools-for-stm32.12.3.rel1.macos64_1.1.0.202410301201/tools/bin/../lib/gcc/arm-none-eabi/12.3.1/../../../../arm-none-eabi/lib/thumb/v7e-m+fp/hard/libc_nano.a(libc_a-exit.o)
                              /Applications/STM32CubeIDE.app/Contents/Eclipse/plugins/com.st.stm32cube.ide.mcu.externaltools.gnu-tools-for-stm32.12.3.rel1.macos64_1.1.0.202410301201/tools/bin/../lib/gcc/arm-none-eabi/12.3.1/../../../../arm-none-eabi/lib/thumb/v7e-m+fp/hard/crt0.o (exit)
/Applications/STM32CubeIDE.app/Contents/Eclipse/plugins/com.st.stm32cube.ide.mcu.externaltools.gnu-tools-for-stm32.12.3.rel1.macos64_1.1.0.202410301201/tools/bin/../lib/gcc/arm-none-eabi/12.3.1/../../../../arm-none-eabi/lib/thumb/v7e-m+fp/hard/libc_nano.a(libc_a-findfp.o)
                              /Applications/STM32CubeIDE.app/Contents/Eclipse/plugins/com.st.stm32cube.ide.mcu.externaltools.gnu-tools-for-stm32.12.3.rel1.macos64_1.1.0.202410301201/tools/bin/../lib/gcc/arm-none-eabi/12.3.1/../../../../arm-none-eabi/lib/thumb/v7e-m+fp/hard/libc_nano.a(libc_a-exit.o) (__stdio_exit_handler)
/Applications/STM32CubeIDE.app/Contents/Eclipse/plugins/com.st.stm32cube.ide.mcu.externaltools.gnu-tools-for-stm32.12.3.rel1.macos64_1.1.0.202410301201/tools/bin/../lib/gcc/arm-none-eabi/12.3.1/../../../../arm-none-eabi/lib/thumb/v7e-m+fp/hard/libc_nano.a(libc_a-fwalk.o)
                              /Applications/STM32CubeIDE.app/Contents/Eclipse/plugins/com.st.stm32cube.ide.mcu.externaltools.gnu-tools-for-stm32.12.3.rel1.macos64_1.1.0.202410301201/tools/bin/../lib/gcc/arm-none-eabi/12.3.1/../../../../arm-none-eabi/lib/thumb/v7e-m+fp/hard/libc_nano.a(libc_a-findfp.o) (_fwalk_sglue)
/Applications/STM32CubeIDE.app/Contents/Eclipse/plugins/com.st.stm32cube.ide.mcu.externaltools.gnu-tools-for-stm32.12.3.rel1.macos64_1.1.0.202410301201/tools/bin/../lib/gcc/arm-none-eabi/12.3.1/../../../../arm-none-eabi/lib/thumb/v7e-m+fp/hard/libc_nano.a(libc_a-memset.o)
                              /Applications/STM32CubeIDE.app/Contents/Eclipse/plugins/com.st.stm32cube.ide.mcu.externaltools.gnu-tools-for-stm32.12.3.rel1.macos64_1.1.0.202410301201/tools/bin/../lib/gcc/arm-none-eabi/12.3.1/../../../../arm-none-eabi/lib/thumb/v7e-m+fp/hard/crt0.o (memset)
/Applications/STM32CubeIDE.app/Contents/Eclipse/plugins/com.st.stm32cube.ide.mcu.externaltools.gnu-tools-for-stm32.12.3.rel1.macos64_1.1.0.202410301201/tools/bin/../lib/gcc/arm-none-eabi/12.3.1/../../../../arm-none-eabi/lib/thumb/v7e-m+fp/hard/libc_nano.a(libc_a-impure.o)
                              /Applications/STM32CubeIDE.app/Contents/Eclipse/plugins/com.st.stm32cube.ide.mcu.externaltools.gnu-tools-for-stm32.12.3.rel1.macos64_1.1.0.202410301201/tools/bin/../lib/gcc/arm-none-eabi/12.3.1/../../../../arm-none-eabi/lib/thumb/v7e-m+fp/hard/libc_nano.a(libc_a-findfp.o) (_impure_data)
/Applications/STM32CubeIDE.app/Contents/Eclipse/plugins/com.st.stm32cube.ide.mcu.externaltools.gnu-tools-for-stm32.12.3.rel1.macos64_1.1.0.202410301201/tools/bin/../lib/gcc/arm-none-eabi/12.3.1/../../../../arm-none-eabi/lib/thumb/v7e-m+fp/hard/libc_nano.a(libc_a-errno.o)
                              ./Src/syscalls.o (__errno)
/Applications/STM32CubeIDE.app/Contents/Eclipse/plugins/com.st.stm32cube.ide.mcu.externaltools.gnu-tools-for-stm32.12.3.rel1.macos64_1.1.0.202410301201/tools/bin/../lib/gcc/arm-none-eabi/12.3.1/../../../../arm-none-eabi/lib/thumb/v7e-m+fp/hard/libc_nano.a(libc_a-init.o)
                              /Applications/STM32CubeIDE.app/Contents/Eclipse/plugins/com.st.stm32cube.ide.mcu.externaltools.gnu-tools-for-stm32.12.3.rel1.macos64_1.1.0.202410301201/tools/bin/../lib/gcc/arm-none-eabi/12.3.1/../../../../arm-none-eabi/lib/thumb/v7e-m+fp/hard/crt0.o (__libc_init_array)
/Applications/STM32CubeIDE.app/Contents/Eclipse/plugins/com.st.stm32cube.ide.mcu.externaltools.gnu-tools-for-stm32.12.3.rel1.macos64_1.1.0.202410301201/tools/bin/../lib/gcc/arm-none-eabi/12.3.1/../../../../arm-none-eabi/lib/thumb/v7e-m+fp/hard/libc_nano.a(libc_a-lock.o)
                              /Applications/STM32CubeIDE.app/Contents/Eclipse/plugins/com.st.stm32cube.ide.mcu.externaltools.gnu-tools-for-stm32.12.3.rel1.macos64_1.1.0.202410301201/tools/bin/../lib/gcc/arm-none-eabi/12.3.1/../../../../arm-none-eabi/lib/thumb/v7e-m+fp/hard/libc_nano.a(libc_a-findfp.o) (__retarget_lock_init_recursive)
/Applications/STM32CubeIDE.app/Contents/Eclipse/plugins/com.st.stm32cube.ide.mcu.externaltools.gnu-tools-for-stm32.12.3.rel1.macos64_1.1.0.202410301201/tools/bin/../lib/gcc/arm-none-eabi/12.3.1/../../../../arm-none-eabi/lib/thumb/v7e-m+fp/hard/libc_nano.a(libc_a-mallocr.o)
[...]
Memory Configuration

Name             Origin             Length             Attributes
CCMRAM           0x10000000         0x00002000         xrw
RAM              0x20000000         0x0000a000         xrw
FLASH            0x08000000         0x00040000         xr
*default*        0x00000000         0xffffffff

Linker script and memory map

LOAD /Applications/STM32CubeIDE.app/Contents/Eclipse/plugins/com.st.stm32cube.ide.mcu.externaltools.gnu-tools-for-stm32.12.3.rel1.macos64_1.1.0.202410301201/tools/bin/../lib/gcc/arm-none-eabi/12.3.1/thumb/v7e-m+fp/hard/crti.o
LOAD /Applications/STM32CubeIDE.app/Contents/Eclipse/plugins/com.st.stm32cube.ide.mcu.externaltools.gnu-tools-for-stm32.12.3.rel1.macos64_1.1.0.202410301201/tools/bin/../lib/gcc/arm-none-eabi/12.3.1/thumb/v7e-m+fp/hard/crtbegin.o
LOAD /Applications/STM32CubeIDE.app/Contents/Eclipse/plugins/com.st.stm32cube.ide.mcu.externaltools.gnu-tools-for-stm32.12.3.rel1.macos64_1.1.0.202410301201/tools/bin/../lib/gcc/arm-none-eabi/12.3.1/../../../../arm-none-eabi/lib/thumb/v7e-m+fp/hard/crt0.o
LOAD ./Src/interrupt.o
LOAD ./Src/main.o
LOAD ./Src/serial.o
LOAD ./Src/syscalls.o
LOAD ./Src/sysmem.o
LOAD ./Startup/startup_stm32f303vctx.o
START GROUP
LOAD /Applications/STM32CubeIDE.app/Contents/Eclipse/plugins/com.st.stm32cube.ide.mcu.externaltools.gnu-tools-for-stm32.12.3.rel1.macos64_1.1.0.202410301201/tools/bin/../lib/gcc/arm-none-eabi/12.3.1/../../../../arm-none-eabi/lib/thumb/v7e-m+fp/hard/libc_nano.a
LOAD /Applications/STM32CubeIDE.app/Contents/Eclipse/plugins/com.st.stm32cube.ide.mcu.externaltools.gnu-tools-for-stm32.12.3.rel1.macos64_1.1.0.202410301201/tools/bin/../lib/gcc/arm-none-eabi/12.3.1/../../../../arm-none-eabi/lib/thumb/v7e-m+fp/hard/libm.a
END GROUP
START GROUP
LOAD /Applications/STM32CubeIDE.app/Contents/Eclipse/plugins/com.st.stm32cube.ide.mcu.externaltools.gnu-tools-for-stm32.12.3.rel1.macos64_1.1.0.202410301201/tools/bin/../lib/gcc/arm-none-eabi/12.3.1/thumb/v7e-m+fp/hard/libgcc.a
LOAD /Applications/STM32CubeIDE.app/Contents/Eclipse/plugins/com.st.stm32cube.ide.mcu.externaltools.gnu-tools-for-stm32.12.3.rel1.macos64_1.1.0.202410301201/tools/bin/../lib/gcc/arm-none-eabi/12.3.1/../../../../arm-none-eabi/lib/thumb/v7e-m+fp/hard/libc_nano.a
END GROUP
START GROUP
LOAD /Applications/STM32CubeIDE.app/Contents/Eclipse/plugins/com.st.stm32cube.ide.mcu.externaltools.gnu-tools-for-stm32.12.3.rel1.macos64_1.1.0.202410301201/tools/bin/../lib/gcc/arm-none-eabi/12.3.1/thumb/v7e-m+fp/hard/libgcc.a
LOAD /Applications/STM32CubeIDE.app/Contents/Eclipse/plugins/com.st.stm32cube.ide.mcu.externaltools.gnu-tools-for-stm32.12.3.rel1.macos64_1.1.0.202410301201/tools/bin/../lib/gcc/arm-none-eabi/12.3.1/../../../../arm-none-eabi/lib/thumb/v7e-m+fp/hard/libc_nano.a
LOAD /Applications/STM32CubeIDE.app/Contents/Eclipse/plugins/com.st.stm32cube.ide.mcu.externaltools.gnu-tools-for-stm32.12.3.rel1.macos64_1.1.0.202410301201/tools/bin/../lib/gcc/arm-none-eabi/12.3.1/../../../../arm-none-eabi/lib/thumb/v7e-m+fp/hard/libnosys.a
END GROUP
START GROUP
LOAD /Applications/STM32CubeIDE.app/Contents/Eclipse/plugins/com.st.stm32cube.ide.mcu.externaltools.gnu-tools-for-stm32.12.3.rel1.macos64_1.1.0.202410301201/tools/bin/../lib/gcc/arm-none-eabi/12.3.1/thumb/v7e-m+fp/hard/libgcc.a
LOAD /Applications/STM32CubeIDE.app/Contents/Eclipse/plugins/com.st.stm32cube.ide.mcu.externaltools.gnu-tools-for-stm32.12.3.rel1.macos64_1.1.0.202410301201/tools/bin/../lib/gcc/arm-none-eabi/12.3.1/../../../../arm-none-eabi/lib/thumb/v7e-m+fp/hard/libc_nano.a
LOAD /Applications/STM32CubeIDE.app/Contents/Eclipse/plugins/com.st.stm32cube.ide.mcu.externaltools.gnu-tools-for-stm32.12.3.rel1.macos64_1.1.0.202410301201/tools/bin/../lib/gcc/arm-none-eabi/12.3.1/../../../../arm-none-eabi/lib/thumb/v7e-m+fp/hard/libnosys.a
END GROUP
LOAD /Applications/STM32CubeIDE.app/Contents/Eclipse/plugins/com.st.stm32cube.ide.mcu.externaltools.gnu-tools-for-stm32.12.3.rel1.macos64_1.1.0.202410301201/tools/bin/../lib/gcc/arm-none-eabi/12.3.1/thumb/v7e-m+fp/hard/crtend.o
LOAD /Applications/STM32CubeIDE.app/Contents/Eclipse/plugins/com.st.stm32cube.ide.mcu.externaltools.gnu-tools-for-stm32.12.3.rel1.macos64_1.1.0.202410301201/tools/bin/../lib/gcc/arm-none-eabi/12.3.1/thumb/v7e-m+fp/hard/crtn.o
                0x2000a000                        _estack = (ORIGIN (RAM) + LENGTH (RAM))
                0x00000200                        _Min_Heap_Size = 0x200
                0x00000400                        _Min_Stack_Size = 0x400

.isr_vector     0x08000000      0x194
                0x08000000                        . = ALIGN (0x4)
 *(.isr_vector)
 .isr_vector    0x08000000      0x194 ./Startup/startup_stm32f303vctx.o
                0x08000000                g_pfnVectors
                0x08000194                        . = ALIGN (0x4)

.text           0x08000194      0x44c
                0x08000194                        . = ALIGN (0x4)
 *(.text)
 .text          0x08000194       0x40 /Applications/STM32CubeIDE.app/Contents/Eclipse/plugins/com.st.stm32cube.ide.mcu.externaltools.gnu-tools-for-stm32.12.3.rel1.macos64_1.1.0.202410301201/tools/bin/../lib/gcc/arm-none-eabi/12.3.1/thumb/v7e-m+fp/hard/crtbegin.o
 *(.text*)
 .text.__NVIC_EnableIRQ
                0x080001d4       0x3c ./Src/interrupt.o
 .text.__NVIC_SetPriority
                0x08000210       0x54 ./Src/interrupt.o
 .text.finished_transmission
                0x08000264       0x7c ./Src/interrupt.o
                0x08000264                finished_transmission
 .text.USART1_EXTI25_IRQHandler
                0x080002e0      0x100 ./Src/interrupt.o
                0x080002e0                USART1_EXTI25_IRQHandler
 .text.enable_interrupt
                0x080003e0       0x30 ./Src/interrupt.o
                0x080003e0                enable_interrupt
 .text.main     0x08000410       0x1c ./Src/main.o
                0x08000410                main
 .text.SerialInitialise
                0x0800042c      0x100 ./Src/serial.o
                0x0800042c                SerialInitialise
 .text.Reset_Handler
                0x0800052c       0x50 ./Startup/startup_stm32f303vctx.o
                0x0800052c                Reset_Handler
 .text.Default_Handler
                0x0800057c        0x2 ./Startup/startup_stm32f303vctx.o
                0x0800057c                TIM1_BRK_TIM15_IRQHandler
                0x0800057c                TIM8_CC_IRQHandler
                0x0800057c                DebugMon_Handler
                0x0800057c                DMA1_CH4_IRQHandler
                0x0800057c                SPI4_IRQHandler
                0x0800057c                TIM1_CC_IRQHandler
                0x0800057c                HardFault_Handler
                0x0800057c                USB_HP_IRQHandler
                0x0800057c                I2C2_EV_EXTI24_IRQHandler
                0x0800057c                SysTick_Handler
                0x0800057c                USB_WKUP_EXTI_IRQHandler
                0x0800057c                PVD_IRQHandler
                0x0800057c                UART4_EXTI34_IRQHandler
                0x0800057c                TAMP_STAMP_IRQHandler
                0x0800057c                PendSV_Handler
                0x0800057c                NMI_Handler
                0x0800057c                EXTI3_IRQHandler
                0x0800057c                I2C3_ER_IRQHandler
                0x0800057c                TIM6_DACUNDER_IRQHandler
                0x0800057c                USB_HP_CAN_TX_IRQHandler
                0x0800057c                EXTI0_IRQHandler
                0x0800057c                DMA2_CH1_IRQHandler
                0x0800057c                TIM1_UP_TIM16_IRQHandler
                0x0800057c                UsageFault_Handler
                0x0800057c                ADC1_2_IRQHandler
                0x0800057c                SPI1_IRQHandler
                0x0800057c                CAN_SCE_IRQHandler
                0x0800057c                DMA1_CH7_IRQHandler
                0x0800057c                TIM8_UP_IRQHandler
                0x0800057c                COMP456_IRQHandler
                0x0800057c                DMA1_CH6_IRQHandler
                0x0800057c                TIM20_TRG_COM_IRQHandler
                0x0800057c                ADC3_IRQHandler
                0x0800057c                TIM4_IRQHandler
                0x0800057c                CAN_RX1_IRQHandler
                0x0800057c                DMA2_CH5_IRQHandler
                0x0800057c                I2C1_EV_EXTI23_IRQHandler
                0x0800057c                DMA1_CH3_IRQHandler
                0x0800057c                TIM3_IRQHandler
                0x0800057c                RCC_IRQHandler
                0x0800057c                TIM20_UP_IRQHandler
                0x0800057c                Default_Handler
                0x0800057c                EXTI15_10_IRQHandler
                0x0800057c                USART2_EXTI26_IRQHandler
                0x0800057c                USART3_EXTI28_IRQHandler
                0x0800057c                TIM7_IRQHandler
                0x0800057c                I2C3_EV_IRQHandler
                0x0800057c                EXTI9_5_IRQHandler
                0x0800057c                DMA1_CH2_IRQHandler
                0x0800057c                RTC_WKUP_IRQHandler
                0x0800057c                SPI2_IRQHandler
                0x0800057c                DMA1_CH1_IRQHandler
                0x0800057c                USB_LP_CAN_RX0_IRQHandler
                0x0800057c                MemManage_Handler
                0x0800057c                COMP123_IRQHandler
                0x0800057c                SVC_Handler
                0x0800057c                USB_LP_IRQHandler
                0x0800057c                EXTI4_IRQHandler
                0x0800057c                TIM1_TRG_COM_TIM17_IRQHandler
                0x0800057c                ADC4_IRQHandler
                0x0800057c                WWDG_IRQHandler
                0x0800057c                TIM2_IRQHandler
                0x0800057c                COMP7_IRQHandler
                0x0800057c                EXTI1_IRQHandler
                0x0800057c                RTCAlarm_IRQHandler
                0x0800057c                UART5_EXTI35_IRQHandler
                0x0800057c                TIM20_BRK_IRQHandler
                0x0800057c                I2C2_ER_IRQHandler
                0x0800057c                TIM8_BRK_IRQHandler
                0x0800057c                FLASH_IRQHandler
                0x0800057c                TIM20_CC_IRQHandler
                0x0800057c                BusFault_Handler
                0x0800057c                SPI3_IRQHandler
                0x0800057c                DMA2_CH3_IRQHandler
                0x0800057c                DMA2_CH2_IRQHandler
                0x0800057c                I2C1_ER_IRQHandler
                0x0800057c                FMC_IRQHandler
                0x0800057c                DMA1_CH5_IRQHandler
                0x0800057c                DMA2_CH4_IRQHandler
                0x0800057c                USB_WKUP_IRQHandler
                0x0800057c                EXTI2_TSC_IRQHandler
                0x0800057c                TIM8_TRG_COM_IRQHandler
 *fill*         0x0800057e        0x2 
 .text.__libc_init_array
                0x08000580       0x48 /Applications/STM32CubeIDE.app/Contents/Eclipse/plugins/com.st.stm32cube.ide.mcu.externaltools.gnu-tools-for-stm32.12.3.rel1.macos64_1.1.0.202410301201/tools/bin/../lib/gcc/arm-none-eabi/12.3.1/../../../../arm-none-eabi/lib/thumb/v7e-m+fp/hard/libc_nano.a(libc_a-init.o)
                0x08000580                __libc_init_array
 *(.glue_7)
 .glue_7        0x080005c8        0x0 linker stubs
 *(.glue_7t)
 .glue_7t       0x080005c8        0x0 linker stubs
 *(.eh_frame)
 .eh_frame      0x080005c8        0x0 /Applications/STM32CubeIDE.app/Contents/Eclipse/plugins/com.st.stm32cube.ide.mcu.externaltools.gnu-tools-for-stm32.12.3.rel1.macos64_1.1.0.202410301201/tools/bin/../lib/gcc/arm-none-eabi/12.3.1/thumb/v7e-m+fp/hard/crtbegin.o
 *(.init)
 .init          0x080005c8        0x4 /Applications/STM32CubeIDE.app/Contents/Eclipse/plugins/com.st.stm32cube.ide.mcu.externaltools.gnu-tools-for-stm32.12.3.rel1.macos64_1.1.0.202410301201/tools/bin/../lib/gcc/arm-none-eabi/12.3.1/thumb/v7e-m+fp/hard/crti.o
                0x080005c8                _init
 .init          0x080005cc        0x8 /Applications/STM32CubeIDE.app/Contents/Eclipse/plugins/com.st.stm32cube.ide.mcu.externaltools.gnu-tools-for-stm32.12.3.rel1.macos64_1.1.0.202410301201/tools/bin/../lib/gcc/arm-none-eabi/12.3.1/thumb/v7e-m+fp/hard/crtn.o
 *(.fini)
 .fini          0x080005d4        0x4 /Applications/STM32CubeIDE.app/Contents/Eclipse/plugins/com.st.stm32cube.ide.mcu.externaltools.gnu-tools-for-stm32.12.3.rel1.macos64_1.1.0.202410301201/tools/bin/../lib/gcc/arm-none-eabi/12.3.1/thumb/v7e-m+fp/hard/crti.o
                0x080005d4                _fini
 .fini          0x080005d8        0x8 /Applications/STM32CubeIDE.app/Contents/Eclipse/plugins/com.st.stm32cube.ide.mcu.externaltools.gnu-tools-for-stm32.12.3.rel1.macos64_1.1.0.202410301201/tools/bin/../lib/gcc/arm-none-eabi/12.3.1/thumb/v7e-m+fp/hard/crtn.o
                0x080005e0                        . = ALIGN (0x4)
                0x080005e0                        _etext = .

.vfp11_veneer   0x080005e0        0x0
 .vfp11_veneer  0x080005e0        0x0 linker stubs

.v4_bx          0x080005e0        0x0
 .v4_bx         0x080005e0        0x0 linker stubs

.iplt           0x080005e0        0x0
 .iplt          0x080005e0        0x0 /Applications/STM32CubeIDE.app/Contents/Eclipse/plugins/com.st.stm32cube.ide.mcu.externaltools.gnu-tools-for-stm32.12.3.rel1.macos64_1.1.0.202410301201/tools/bin/../lib/gcc/arm-none-eabi/12.3.1/thumb/v7e-m+fp/hard/crtbegin.o

.rodata         0x080005e0        0x0
                0x080005e0                        . = ALIGN (0x4)
 *(.rodata)
 *(.rodata*)
                0x080005e0                        . = ALIGN (0x4)

.ARM.extab      0x080005e0        0x0
                0x080005e0                        . = ALIGN (0x4)
 *(.ARM.extab* .gnu.linkonce.armextab.*)
                0x080005e0                        . = ALIGN (0x4)

.ARM            0x080005e0        0x0
                0x080005e0                        . = ALIGN (0x4)
                0x080005e0                        __exidx_start = .
 *(.ARM.exidx*)
                0x080005e0                        __exidx_end = .
                0x080005e0                        . = ALIGN (0x4)

.preinit_array  0x080005e0        0x0
                0x080005e0                        . = ALIGN (0x4)
                0x080005e0                        PROVIDE (__preinit_array_start = .)
 *(.preinit_array*)
                0x080005e0                        PROVIDE (__preinit_array_end = .)
                0x080005e0                        . = ALIGN (0x4)

.init_array     0x080005e0        0x4
                0x080005e0                        . = ALIGN (0x4)
                0x080005e0                        PROVIDE (__init_array_start = .)
 *(SORT_BY_NAME(.init_array.*))
 *(.init_array*)
 .init_array    0x080005e0        0x4 /Applications/STM32CubeIDE.app/Contents/Eclipse/plugins/com.st.stm32cube.ide.mcu.externaltools.gnu-tools-for-stm32.12.3.rel1.macos64_1.1.0.202410301201/tools/bin/../lib/gcc/arm-none-eabi/12.3.1/thumb/v7e-m+fp/hard/crtbegin.o
                0x080005e4                        PROVIDE (__init_array_end = .)
                0x080005e4                        . = ALIGN (0x4)

.fini_array     0x080005e4        0x4
                0x080005e4                        . = ALIGN (0x4)
                [!provide]                        PROVIDE (__fini_array_start = .)
 *(SORT_BY_NAME(.fini_array.*))
 *(.fini_array*)
 .fini_array    0x080005e4        0x4 /Applications/STM32CubeIDE.app/Contents/Eclipse/plugins/com.st.stm32cube.ide.mcu.externaltools.gnu-tools-for-stm32.12.3.rel1.macos64_1.1.0.202410301201/tools/bin/../lib/gcc/arm-none-eabi/12.3.1/thumb/v7e-m+fp/hard/crtbegin.o
                [!provide]                        PROVIDE (__fini_array_end = .)
                0x080005e8                        . = ALIGN (0x4)
                0x080005e8                        _sidata = LOADADDR (.data)

.rel.dyn        0x080005e8        0x0
 .rel.iplt      0x080005e8        0x0 /Applications/STM32CubeIDE.app/Contents/Eclipse/plugins/com.st.stm32cube.ide.mcu.externaltools.gnu-tools-for-stm32.12.3.rel1.macos64_1.1.0.202410301201/tools/bin/../lib/gcc/arm-none-eabi/12.3.1/thumb/v7e-m+fp/hard/crtbegin.o

.data           0x20000000       0x2c load address 0x080005e8
                0x20000000                        . = ALIGN (0x4)
                0x20000000                        _sdata = .
 *(.data)
 *(.data*)
 .data.message_terminator
                0x20000000        0x1 ./Src/interrupt.o
                0x20000000                message_terminator
 *fill*         0x20000001        0x3 
 .data.USART1_PORT
                0x20000004       0x28 ./Src/serial.o
                0x20000004                USART1_PORT
 *(.RamFunc)
 *(.RamFunc*)
                0x2000002c                        . = ALIGN (0x4)
                0x2000002c                        _edata = .
                0x08000614                        _siccmram = LOADADDR (.ccmram)

.igot.plt       0x2000002c        0x0 load address 0x08000614
 .igot.plt      0x2000002c        0x0 /Applications/STM32CubeIDE.app/Contents/Eclipse/plugins/com.st.stm32cube.ide.mcu.externaltools.gnu-tools-for-stm32.12.3.rel1.macos64_1.1.0.202410301201/tools/bin/../lib/gcc/arm-none-eabi/12.3.1/thumb/v7e-m+fp/hard/crtbegin.o

.ccmram         0x10000000        0x0 load address 0x08000614
                0x10000000                        . = ALIGN (0x4)
                0x10000000                        _sccmram = .
 *(.ccmram)
 *(.ccmram*)
                0x10000000                        . = ALIGN (0x4)
                0x10000000                        _eccmram = .
                0x10000000                        . = ALIGN (0x4)

.bss            0x2000002c      0x150
                0x2000002c                        _sbss = .
                0x2000002c                        __bss_start__ = _sbss
 *(.bss)
 .bss           0x2000002c       0x1c /Applications/STM32CubeIDE.app/Contents/Eclipse/plugins/com.st.stm32cube.ide.mcu.externaltools.gnu-tools-for-stm32.12.3.rel1.macos64_1.1.0.202410301201/tools/bin/../lib/gcc/arm-none-eabi/12.3.1/thumb/v7e-m+fp/hard/crtbegin.o
 *(.bss*)
 .bss.kernel_buffer
                0x20000048       0xc8 ./Src/interrupt.o
                0x20000048                kernel_buffer
 .bss.active_kernel
                0x20000110        0x1 ./Src/interrupt.o
                0x20000110                active_kernel
 .bss.kernel_index
                0x20000111        0x1 ./Src/interrupt.o
                0x20000111                kernel_index
 *fill*         0x20000112        0x2 
 .bss.transmit_buffer
                0x20000114       0x64 ./Src/interrupt.o
                0x20000114                transmit_buffer
 .bss.transmit_index
                0x20000178        0x1 ./Src/interrupt.o
                0x20000178                transmit_index
 .bss.transmit_length
                0x20000179        0x1 ./Src/interrupt.o
                0x20000179                transmit_length
 .bss.is_transmitting
                0x2000017a        0x1 ./Src/interrupt.o
                0x2000017a                is_transmitting
 *(COMMON)
                0x2000017c                        . = ALIGN (0x4)
 *fill*         0x2000017b        0x1 
                0x2000017c                        _ebss = .
                0x2000017c                        __bss_end__ = _ebss

._user_heap_stack
                0x2000017c      0x604
                0x20000180                        . = ALIGN (0x8)
 *fill*         0x2000017c        0x4 
                [!provide]                        PROVIDE (end = .)
                0x20000180                        PROVIDE (_end = .)
                0x20000380                        . = (. + _Min_Heap_Size)
 *fill*         0x20000180      0x200 
                0x20000780                        . = (. + _Min_Stack_Size)
 *fill*         0x20000380      0x400 
                0x20000780                        . = ALIGN (0x8)

/DISCARD/
 libc.a(*)
 libm.a(*)
 libgcc.a(*)

.ARM.attributes
                0x00000000       0x30
 *(.ARM.attributes)
 .ARM.attributes
                0x00000000       0x22 /Applications/STM32CubeIDE.app/Contents/Eclipse/plugins/com.st.stm32cube.ide.mcu.externaltools.gnu-tools-for-stm32.12.3.rel1.macos64_1.1.0.202410301201/tools/bin/../lib/gcc/arm-none-eabi/12.3.1/thumb/v7e-m+fp/hard/crti.o
 .ARM.attributes
                0x00000022       0x34 /Applications/STM32CubeIDE.app/Contents/Eclipse/plugins/com.st.stm32cube.ide.mcu.externaltools.gnu-tools-for-stm32.12.3.rel1.macos64_1.1.0.202410301201/tools/bin/../lib/gcc/arm-none-eabi/12.3.1/thumb/v7e-m+fp/hard/crtbegin.o
 .ARM.attributes
                0x00000056       0x34 ./Src/interrupt.o
 .ARM.attributes
                0x0000008a       0x34 ./Src/main.o
 .ARM.attributes
                0x000000be       0x34 ./Src/serial.o
 .ARM.attributes
                0x000000f2       0x21 ./Startup/startup_stm32f303vctx.o
 .ARM.attributes
                0x00000113       0x34 /Applications/STM32CubeIDE.app/Contents/Eclipse/plugins/com.st.stm32cube.ide.mcu.externaltools.gnu-tools-for-stm32.12.3.rel1.macos64_1.1.0.202410301201/tools/bin/../lib/gcc/arm-none-eabi/12.3.1/../../../../arm-none-eabi/lib/thumb/v7e-m+fp/hard/libc_nano.a(libc_a-init.o)
 .ARM.attributes
                0x00000147       0x22 /Applications/STM32CubeIDE.app/Contents/Eclipse/plugins/com.st.stm32cube.ide.mcu.externaltools.gnu-tools-for-stm32.12.3.rel1.macos64_1.1.0.202410301201/tools/bin/../lib/gcc/arm-none-eabi/12.3.1/thumb/v7e-m+fp/hard/crtn.o
OUTPUT(UART_Task_d.elf elf32-littlearm)
LOAD linker stubs
LOAD /Applications/STM32CubeIDE.app/Contents/Eclipse/plugins/com.st.stm32cube.ide.mcu.externaltools.gnu-tools-for-stm32.12.3.rel1.macos64_1.1.0.202410301201/tools/bin/../lib/gcc/arm-none-eabi/12.3.1/../../../../arm-none-eabi/lib/thumb/v7e-m+fp/hard/libc.a
LOAD /Applications/STM32CubeIDE.app/Contents/Eclipse/plugins/com.st.stm32cube.ide.mcu.externaltools.gnu-tools-for-stm32.12.3.rel1.macos64_1.1.0.202410301201/tools/bin/../lib/gcc/arm-none-eabi/12.3.1/../../../../arm-none-eabi/lib/thumb/v7e-m+fp/hard/libm.a
LOAD /Applications/STM32CubeIDE.app/Contents/Eclipse/plugins/com.st.stm32cube.ide.mcu.externaltools.gnu-tools-for-stm32.12.3.rel1.macos64_1.1.0.202410301201/tools/bin/../lib/gcc/arm-none-eabi/12.3.1/thumb/v7e-m+fp/hard/libgcc.a

.debug_info     0x00000000      0xdca
 .debug_info    0x00000000      0x828 ./Src/interrupt.o
 .debug_info    0x00000828      0x144 ./Src/main.o
 .debug_info    0x0000096c      0x42e ./Src/serial.o
 .debug_info    0x00000d9a       0x30 ./Startup/startup_stm32f303vctx.o

.debug_abbrev   0x00000000      0x42c
 .debug_abbrev  0x00000000      0x1e4 ./Src/interrupt.o
 .debug_abbrev  0x000001e4       0xd0 ./Src/main.o
 .debug_abbrev  0x000002b4      0x154 ./Src/serial.o
 .debug_abbrev  0x00000408       0x24 ./Startup/startup_stm32f303vctx.o

.debug_aranges  0x00000000       0xa8
 .debug_aranges
                0x00000000       0x40 ./Src/interrupt.o
 .debug_aranges
                0x00000040       0x20 ./Src/main.o
 .debug_aranges
                0x00000060       0x20 ./Src/serial.o
 .debug_aranges
                0x00000080       0x28 ./Startup/startup_stm32f303vctx.o

.debug_rnglists
                0x00000000       0x6c
 .debug_rnglists
                0x00000000       0x2c ./Src/interrupt.o
 .debug_rnglists
                0x0000002c       0x13 ./Src/main.o
 .debug_rnglists
                0x0000003f       0x14 ./Src/serial.o
 .debug_rnglists
                0x00000053       0x19 ./Startup/startup_stm32f303vctx.o

.debug_macro    0x00000000    0x14e47
 .debug_macro   0x00000000       0xd9 ./Src/interrupt.o
 .debug_macro   0x000000d9      0xac0 ./Src/interrupt.o
 .debug_macro   0x00000b99       0x22 ./Src/interrupt.o
 .debug_macro   0x00000bbb       0x8e ./Src/interrupt.o
 .debug_macro   0x00000c49       0x51 ./Src/interrupt.o
 .debug_macro   0x00000c9a      0x103 ./Src/interrupt.o
 .debug_macro   0x00000d9d       0x6a ./Src/interrupt.o
 .debug_macro   0x00000e07      0x1df ./Src/interrupt.o
 .debug_macro   0x00000fe6       0x28 ./Src/interrupt.o
 .debug_macro   0x0000100e       0x1c ./Src/interrupt.o
 .debug_macro   0x0000102a       0x22 ./Src/interrupt.o
 .debug_macro   0x0000104c       0xd9 ./Src/interrupt.o
 .debug_macro   0x00001125     0x102d ./Src/interrupt.o
 .debug_macro   0x00002152      0x11f ./Src/interrupt.o
 .debug_macro   0x00002271    0x12a3a ./Src/interrupt.o
 .debug_macro   0x00014cab       0xd3 ./Src/main.o
 .debug_macro   0x00014d7e       0xc9 ./Src/serial.o

.debug_line     0x00000000      0xfe0
 .debug_line    0x00000000      0x5d9 ./Src/interrupt.o
 .debug_line    0x000005d9      0x488 ./Src/main.o
 .debug_line    0x00000a61      0x504 ./Src/serial.o
 .debug_line    0x00000f65       0x7b ./Startup/startup_stm32f303vctx.o

.debug_str      0x00000000    0x72841
 .debug_str     0x00000000    0x72646 ./Src/interrupt.o
                              0x728fa (size before relaxing)
 .debug_str     0x00072646       0x73 ./Src/main.o
                              0x722f7 (size before relaxing)
 .debug_str     0x000726b9      0x149 ./Src/serial.o
                              0x72466 (size before relaxing)
 .debug_str     0x00072802       0x3f ./Startup/startup_stm32f303vctx.o
                                 0x83 (size before relaxing)

.comment        0x00000000       0x43
 .comment       0x00000000       0x43 ./Src/interrupt.o
                                 0x44 (size before relaxing)
 .comment       0x00000043       0x44 ./Src/main.o
 .comment       0x00000043       0x44 ./Src/serial.o

.debug_frame    0x00000000      0x158
 .debug_frame   0x00000000       0xc8 ./Src/interrupt.o
 .debug_frame   0x000000c8       0x2c ./Src/main.o
 .debug_frame   0x000000f4       0x38 ./Src/serial.o
 .debug_frame   0x0000012c       0x2c /Applications/STM32CubeIDE.app/Contents/Eclipse/plugins/com.st.stm32cube.ide.mcu.externaltools.gnu-tools-for-stm32.12.3.rel1.macos64_1.1.0.202410301201/tools/bin/../lib/gcc/arm-none-eabi/12.3.1/../../../../arm-none-eabi/lib/thumb/v7e-m+fp/hard/libc_nano.a(libc_a-init.o)

.debug_line_str
                0x00000000       0x67
 .debug_line_str
                0x00000000       0x67 ./Startup/startup_stm32f303vctx.o
